
> na-coaching@0.1.0 dev
> next dev

▲ Next.js 16.1.6 (Turbopack)
- Local:         http://localhost:3000
- Network:       http://192.168.1.14:3000
- Environments: .env.local

✓ Starting...
✓ Ready in 533ms
 HEAD / 200 in 3.2s (compile: 2.4s, render: 735ms)
 GET / 200 in 298ms (compile: 10ms, render: 288ms)
⨯ The requested resource isn't a valid image for /logo.png received null
 GET /api/placeholder/400/320 404 in 950ms (compile: 740ms, render: 209ms)
⨯ The requested resource isn't a valid image for /api/placeholder/400/320 received null
 GET /labo 200 in 1118ms (compile: 665ms, render: 454ms)
 GET /blog/4 200 in 1775ms (compile: 1573ms, render: 202ms)
 GET /boutique 200 in 566ms (compile: 348ms, render: 218ms)
 GET /admin 200 in 1604ms (compile: 654ms, render: 950ms)
✓ Compiled in 195ms
✓ Compiled in 64ms
 GET /labo 200 in 265ms (compile: 33ms, render: 232ms)
 GET /blog/6 200 in 472ms (compile: 44ms, render: 428ms)
✓ Compiled in 228ms
✓ Compiled in 31ms
✓ Compiled in 197ms
✓ Compiled in 30ms
 GET /labo 200 in 1052ms (compile: 196ms, render: 856ms)
⨯ The requested resource isn't a valid image for /logo.png received null
✓ Compiled in 279ms
✓ Compiled in 0ms
 GET /labo 200 in 369ms (compile: 188ms, render: 181ms)
 GET /labo 200 in 191ms (compile: 9ms, render: 182ms)
 GET /labo 200 in 143ms (compile: 1467µs, render: 142ms)
 GET /labo 200 in 157ms (compile: 8ms, render: 150ms)
 GET /labo 200 in 158ms (compile: 7ms, render: 151ms)
 GET /labo 200 in 126ms (compile: 7ms, render: 119ms)
 GET /labo 200 in 121ms (compile: 7ms, render: 114ms)
 GET /labo 200 in 94ms (compile: 3ms, render: 91ms)
 GET /labo 200 in 93ms (compile: 2ms, render: 91ms)
 GET /labo 200 in 94ms (compile: 2ms, render: 92ms)
 GET /labo 200 in 94ms (compile: 1869µs, render: 92ms)
 GET /labo 200 in 90ms (compile: 2ms, render: 88ms)
 GET /labo 200 in 107ms (compile: 2ms, render: 105ms)
 GET /labo 200 in 92ms (compile: 4ms, render: 87ms)
 GET /labo 200 in 109ms (compile: 5ms, render: 104ms)
 GET /labo 200 in 107ms (compile: 4ms, render: 103ms)
 GET /labo 200 in 104ms (compile: 3ms, render: 101ms)
 GET /labo 200 in 101ms (compile: 5ms, render: 96ms)
 GET /labo 200 in 98ms (compile: 4ms, render: 94ms)
 GET /labo 200 in 80ms (compile: 3ms, render: 77ms)
 GET /labo 200 in 65ms (compile: 1614µs, render: 63ms)
 GET /labo 200 in 77ms (compile: 1425µs, render: 76ms)
 GET /labo 200 in 80ms (compile: 3ms, render: 77ms)
 GET /labo 200 in 76ms (compile: 1905µs, render: 74ms)
 GET /labo 200 in 74ms (compile: 2ms, render: 72ms)
 GET /labo 200 in 78ms (compile: 1480µs, render: 76ms)
 GET /labo 200 in 68ms (compile: 2ms, render: 66ms)
 GET /labo 200 in 53ms (compile: 3ms, render: 50ms)
 GET /labo 200 in 39ms (compile: 1934µs, render: 37ms)
 GET /labo 200 in 26ms (compile: 1887µs, render: 24ms)
✓ Compiled in 47ms
✓ Compiled in 21ms
✓ Compiled in 77ms
⚠ Fast Refresh had to perform a full reload due to a runtime error.
✓ Compiled in 39ms
⨯ The requested resource isn't a valid image for /logo.png received null
 GET /labo 200 in 688ms (compile: 73ms, render: 615ms)
⨯ The requested resource isn't a valid image for /logo.png received null
 GET / 200 in 485ms (compile: 99ms, render: 386ms)
⨯ The requested resource isn't a valid image for /logo.png received null
 GET /api/placeholder/400/320 404 in 261ms (compile: 127ms, render: 135ms)
⨯ The requested resource isn't a valid image for /api/placeholder/400/320 received null
 GET /outils 200 in 1084ms (compile: 816ms, render: 267ms)
 GET /labo 200 in 244ms (compile: 10ms, render: 234ms)
 GET /labo 200 in 310ms (compile: 19ms, render: 291ms)
⨯ The requested resource isn't a valid image for /logo.png received null
 GET /labo 200 in 297ms (compile: 36ms, render: 261ms)
⨯ The requested resource isn't a valid image for /logo.png received null
 GET /labo 200 in 379ms (compile: 79ms, render: 300ms)
⨯ The requested resource isn't a valid image for /logo.png received null
 GET /blog/6 200 in 425ms (compile: 204ms, render: 221ms)
 GET /blog/6 200 in 539ms (compile: 25ms, render: 514ms)
⨯ The requested resource isn't a valid image for /logo.png received null
 GET /admin 200 in 824ms (compile: 300ms, render: 524ms)
⨯ The requested resource isn't a valid image for /logo.png received null
⚠ Found a change in next.config.mjs. Restarting the server to apply the changes...
▲ Next.js 16.1.6 (Turbopack)
- Local:         http://localhost:3000
- Network:       http://192.168.1.14:3000
- Environments: .env.local

✓ Starting...
✓ Ready in 694ms
⨯ The requested resource isn't a valid image for /logo.png received null
 GET /admin 200 in 1491ms (compile: 815ms, render: 676ms)
 GET /labo 200 in 1547ms (compile: 908ms, render: 639ms)
 GET /blog/6 200 in 1574ms (compile: 1276ms, render: 297ms)
⨯ The requested resource isn't a valid image for /logo.png received null
⨯ The requested resource isn't a valid image for /logo.png received null
 GET /blog/6 200 in 173ms (compile: 25ms, render: 147ms)
 GET /blog/6 200 in 174ms (compile: 5ms, render: 169ms)
 GET /blog/6 200 in 98ms (compile: 11ms, render: 87ms)
 GET /blog/6 200 in 93ms (compile: 59ms, render: 33ms)
 GET /blog/6 200 in 258ms (compile: 18ms, render: 239ms)
 GET /blog/6 200 in 168ms (compile: 2ms, render: 166ms)
⨯ The requested resource isn't a valid image for /logo.png received null
✓ Compiled in 140ms
✓ Compiled in 89ms
 GET / 200 in 203ms (compile: 49ms, render: 153ms)
 GET /api/placeholder/400/320 404 in 320ms (compile: 151ms, render: 169ms)
⨯ The requested resource isn't a valid image for /api/placeholder/400/320 received null
 GET /labo 200 in 194ms (compile: 13ms, render: 181ms)
 GET /blog/6 200 in 163ms (compile: 11ms, render: 153ms)
 GET /outils 200 in 167ms (compile: 44ms, render: 123ms)
✓ Compiled in 118ms
✓ Compiled in 83ms
✓ Compiled in 19ms
⨯ The requested resource isn't a valid image for /logo.png received null
 GET /admin 200 in 743ms (compile: 169ms, render: 574ms)
 GET / 200 in 313ms (compile: 48ms, render: 265ms)
 GET /api/placeholder/400/320 404 in 158ms (compile: 18ms, render: 140ms)
⨯ The requested resource isn't a valid image for /api/placeholder/400/320 received null
⨯ The requested resource isn't a valid image for /logo.png received null
 GET /admin 200 in 418ms (compile: 50ms, render: 368ms)
 GET /api/placeholder/400/320 404 in 404ms (compile: 52ms, render: 352ms)
⨯ The requested resource isn't a valid image for /logo.png received null
 GET /admin 200 in 437ms (compile: 156ms, render: 282ms)
⨯ The requested resource isn't a valid image for /logo.png received null
✓ Compiled in 118ms
 GET /admin 200 in 441ms (compile: 90ms, render: 351ms)
⨯ The requested resource isn't a valid image for /logo.png received null
⨯ The requested resource isn't a valid image for /logo.png received null
 GET /admin 200 in 338ms (compile: 50ms, render: 288ms)
✓ Compiled in 110ms
✓ Compiled in 41ms
 GET / 200 in 375ms (compile: 32ms, render: 343ms)
⨯ The requested resource isn't a valid image for /logo.png received null
 GET /api/placeholder/400/320 404 in 131ms (compile: 14ms, render: 117ms)
⨯ The requested resource isn't a valid image for /api/placeholder/400/320 received null
 GET /labo 200 in 269ms (compile: 34ms, render: 235ms)
 GET /outils 200 in 225ms (compile: 7ms, render: 218ms)
 GET /contact 200 in 1858ms (compile: 1661ms, render: 197ms)
 GET / 200 in 239ms (compile: 18ms, render: 221ms)
⨯ The requested resource isn't a valid image for /logo.png received null
 GET /api/placeholder/400/320 404 in 113ms (compile: 10ms, render: 103ms)
⨯ The requested resource isn't a valid image for /api/placeholder/400/320 received null
⨯ The requested resource isn't a valid image for /logo.png received null
 GET /outils 200 in 221ms (compile: 7ms, render: 213ms)
✓ Compiled in 181ms
✓ Compiled in 44ms
✓ Compiled in 210ms
✓ Compiled in 74ms
 GET /admin 200 in 446ms (compile: 407ms, render: 39ms)
 GET /outils 200 in 454ms (compile: 236ms, render: 218ms)
 GET /labo 200 in 456ms (compile: 325ms, render: 131ms)
 GET /blog/6 200 in 144ms (compile: 52ms, render: 92ms)
⨯ The requested resource isn't a valid image for /logo.png received null
 GET /outils 200 in 773ms (compile: 27ms, render: 747ms)
 GET /outils 200 in 386ms (compile: 41ms, render: 345ms)
⨯ The requested resource isn't a valid image for /logo.png received null
 GET /outils 200 in 96ms (compile: 33ms, render: 63ms)
✓ Compiled in 171ms
✓ Compiled in 224ms
✓ Compiled in 224ms
 GET /admin 200 in 472ms (compile: 16ms, render: 456ms)
 GET /outils 200 in 499ms (compile: 244ms, render: 255ms)
 GET /labo 200 in 174ms (compile: 6ms, render: 168ms)
 GET /outils 200 in 185ms (compile: 35ms, render: 150ms)
 GET /blog/6 200 in 509ms (compile: 274ms, render: 235ms)
 GET /admin 200 in 151ms (compile: 9ms, render: 142ms)
 GET /outils 200 in 150ms (compile: 70ms, render: 80ms)
 GET /labo 200 in 149ms (compile: 97ms, render: 53ms)
 GET /outils 200 in 40ms (compile: 27ms, render: 13ms)
 GET /blog/6 200 in 41ms (compile: 4ms, render: 37ms)
✓ Compiled in 99ms
✓ Compiled in 260ms
✓ Compiled in 48ms
✓ Compiled in 40ms
✓ Compiled in 30ms
✓ Compiled in 33ms
✓ Compiled in 21ms
✓ Compiled in 19ms
✓ Compiled in 70ms
✓ Compiled in 182ms
 GET /labo 200 in 1636ms (compile: 1025ms, render: 611ms)
 GET /outils 200 in 1647ms (compile: 679ms, render: 968ms)
 GET /admin 200 in 458ms (compile: 203ms, render: 254ms)
 GET /outils 200 in 455ms (compile: 41ms, render: 414ms)
 GET /blog/6 200 in 464ms (compile: 103ms, render: 361ms)
✓ Compiled in 172ms
✓ Compiled in 63ms
 GET /outils 200 in 353ms (compile: 221ms, render: 132ms)
 GET /outils 200 in 382ms (compile: 316ms, render: 66ms)
 GET /outils 200 in 59ms (compile: 6ms, render: 53ms)
 GET /outils 200 in 494ms (compile: 4ms, render: 490ms)
⨯ The requested resource isn't a valid image for /logo.png received null
✓ Compiled in 119ms
✓ Compiled in 50ms
✓ Compiled in 21ms
✓ Compiled in 53ms
✓ Compiled in 51ms
✓ Compiled in 152ms
✓ Compiled in 163ms
✓ Compiled in 136ms
⚠ Fast Refresh had to perform a full reload due to a runtime error.
✓ Compiled in 58ms
 GET /outils 200 in 868ms (compile: 266ms, render: 603ms)
✓ Compiled in 68ms
⚠ Fast Refresh had to perform a full reload due to a runtime error.
⚠ Fast Refresh had to perform a full reload due to a runtime error.
 GET /outils 200 in 574ms (compile: 142ms, render: 432ms)
 GET / 200 in 481ms (compile: 60ms, render: 421ms)
 GET /api/placeholder/400/320 404 in 234ms (compile: 46ms, render: 188ms)
⨯ The requested resource isn't a valid image for /api/placeholder/400/320 received null
 GET /contact 200 in 136ms (compile: 23ms, render: 113ms)
 GET / 200 in 153ms (compile: 9ms, render: 144ms)
 GET /api/placeholder/400/320 404 in 181ms (compile: 5ms, render: 176ms)
⨯ The requested resource isn't a valid image for /api/placeholder/400/320 received null
✓ Compiled in 292ms
 GET /labo 200 in 782ms (compile: 115ms, render: 668ms)
 GET /outils 200 in 1342ms (compile: 578ms, render: 764ms)
 GET /admin 200 in 719ms (compile: 34ms, render: 684ms)
 GET /outils 200 in 736ms (compile: 89ms, render: 647ms)
 GET /blog/6 200 in 628ms (compile: 44ms, render: 584ms)
 GET / 200 in 1617ms (compile: 355ms, render: 1262ms)
 GET /api/placeholder/400/320 404 in 884ms (compile: 103ms, render: 781ms)
⨯ The requested resource isn't a valid image for /api/placeholder/400/320 received null
 GET / 200 in 643ms (compile: 50ms, render: 593ms)
 GET /api/placeholder/400/320 404 in 234ms (compile: 16ms, render: 218ms)
⨯ The requested resource isn't a valid image for /api/placeholder/400/320 received null
 GET / 200 in 503ms (compile: 41ms, render: 463ms)
 GET /api/placeholder/400/320 404 in 176ms (compile: 6ms, render: 170ms)
⨯ The requested resource isn't a valid image for /api/placeholder/400/320 received null
 GET / 200 in 396ms (compile: 41ms, render: 355ms)
 GET /api/placeholder/400/320 404 in 141ms (compile: 7ms, render: 134ms)
⨯ The requested resource isn't a valid image for /api/placeholder/400/320 received null
 GET / 200 in 339ms (compile: 18ms, render: 321ms)
 GET /api/placeholder/400/320 404 in 218ms (compile: 10ms, render: 208ms)
⨯ The requested resource isn't a valid image for /api/placeholder/400/320 received null
 GET /outils 200 in 297ms (compile: 58ms, render: 239ms)
 GET / 200 in 453ms (compile: 29ms, render: 424ms)
 GET /api/placeholder/400/320 404 in 176ms (compile: 8ms, render: 168ms)
⨯ The requested resource isn't a valid image for /api/placeholder/400/320 received null
 GET /outils 200 in 369ms (compile: 25ms, render: 345ms)
 GET / 200 in 586ms (compile: 23ms, render: 563ms)
 GET /api/placeholder/400/320 404 in 201ms (compile: 17ms, render: 184ms)
⨯ The requested resource isn't a valid image for /api/placeholder/400/320 received null
 GET / 200 in 334ms (compile: 29ms, render: 305ms)
 GET /api/placeholder/400/320 404 in 163ms (compile: 14ms, render: 149ms)
⨯ The requested resource isn't a valid image for /api/placeholder/400/320 received null
 GET / 200 in 333ms (compile: 27ms, render: 307ms)
 GET /api/placeholder/400/320 404 in 156ms (compile: 10ms, render: 146ms)
⨯ The requested resource isn't a valid image for /api/placeholder/400/320 received null
 GET /outils 200 in 324ms (compile: 28ms, render: 296ms)
✓ Compiled in 141ms
 GET /admin 200 in 449ms (compile: 39ms, render: 411ms)
 GET /labo 200 in 472ms (compile: 6ms, render: 467ms)
 GET /outils 200 in 485ms (compile: 62ms, render: 423ms)
 GET /outils 200 in 275ms (compile: 89ms, render: 186ms)
 GET /blog/6 200 in 291ms (compile: 14ms, render: 277ms)
 GET / 200 in 448ms (compile: 85ms, render: 364ms)
 GET /outils 200 in 63ms (compile: 16ms, render: 47ms)
 GET / 200 in 325ms (compile: 30ms, render: 294ms)
 GET /api/placeholder/400/320 404 in 199ms (compile: 17ms, render: 182ms)
⨯ The requested resource isn't a valid image for /api/placeholder/400/320 received null
 GET /outils 200 in 158ms (compile: 25ms, render: 133ms)
 GET / 200 in 315ms (compile: 22ms, render: 293ms)
 GET /api/placeholder/400/320 404 in 129ms (compile: 5ms, render: 124ms)
⨯ The requested resource isn't a valid image for /api/placeholder/400/320 received null
 GET /labo 200 in 200ms (compile: 3ms, render: 197ms)
 GET / 200 in 215ms (compile: 21ms, render: 194ms)
 GET /api/placeholder/400/320 404 in 101ms (compile: 8ms, render: 93ms)
⨯ The requested resource isn't a valid image for /api/placeholder/400/320 received null
 GET / 200 in 519ms (compile: 24ms, render: 495ms)
 GET /api/placeholder/400/320 404 in 190ms (compile: 7ms, render: 183ms)
⨯ The requested resource isn't a valid image for /api/placeholder/400/320 received null
✓ Compiled in 208ms
 GET /admin 200 in 763ms (compile: 158ms, render: 605ms)
 GET /outils 200 in 1148ms (compile: 384ms, render: 764ms)
 GET /labo 200 in 697ms (compile: 166ms, render: 531ms)
 GET /blog/6 200 in 546ms (compile: 124ms, render: 422ms)
 GET /outils 200 in 281ms (compile: 108ms, render: 174ms)
 GET / 200 in 1161ms (compile: 138ms, render: 1023ms)
 GET / 200 in 447ms (compile: 71ms, render: 375ms)
 GET /api/placeholder/400/320 404 in 587ms (compile: 15ms, render: 572ms)
⨯ The requested resource isn't a valid image for /api/placeholder/400/320 received null
 GET /api/placeholder/400/320 404 in 200ms (compile: 7ms, render: 193ms)
⨯ The requested resource isn't a valid image for /api/placeholder/400/320 received null
 GET /labo 200 in 368ms (compile: 18ms, render: 350ms)
 GET / 200 in 280ms (compile: 27ms, render: 252ms)
 GET /api/placeholder/400/320 404 in 172ms (compile: 21ms, render: 151ms)
⨯ The requested resource isn't a valid image for /api/placeholder/400/320 received null
✓ Compiled in 185ms
 GET /admin 200 in 376ms (compile: 144ms, render: 232ms)
 GET /labo 200 in 1030ms (compile: 17ms, render: 1013ms)
 GET /outils 200 in 409ms (compile: 88ms, render: 320ms)
 GET /labo 200 in 84ms (compile: 4ms, render: 80ms)
 GET /blog/6 200 in 433ms (compile: 199ms, render: 235ms)
 GET / 200 in 1089ms (compile: 516ms, render: 574ms)
 GET / 200 in 72ms (compile: 15ms, render: 57ms)
 GET / 200 in 990ms (compile: 65ms, render: 925ms)
 GET /api/placeholder/400/320 404 in 171ms (compile: 11ms, render: 160ms)
⨯ The requested resource isn't a valid image for /api/placeholder/400/320 received null
 GET /admin 200 in 363ms (compile: 57ms, render: 306ms)
 GET /boutique 200 in 763ms (compile: 402ms, render: 362ms)
 GET /admin 200 in 260ms (compile: 45ms, render: 214ms)
 GET /boutique 200 in 234ms (compile: 35ms, render: 199ms)
✓ Compiled in 190ms
✓ Compiled in 278ms
✓ Compiled in 0ms
⚠ Fast Refresh had to perform a full reload when ./node_modules/next/dist/client/image-component.js changed. Read more: https://nextjs.org/docs/messages/fast-refresh-reload
 GET /boutique 200 in 1211ms (compile: 245ms, render: 966ms)
 GET /boutique 200 in 821ms (compile: 5ms, render: 816ms)
⚠ Fast Refresh had to perform a full reload when ./node_modules/next/dist/client/image-component.js changed. Read more: https://nextjs.org/docs/messages/fast-refresh-reload
 GET /boutique 200 in 520ms (compile: 7ms, render: 513ms)
 GET /boutique 200 in 506ms (compile: 227ms, render: 279ms)
 GET /boutique 200 in 172ms (compile: 33ms, render: 139ms)
 GET /boutique 200 in 155ms (compile: 1836µs, render: 153ms)
 GET /boutique 200 in 203ms (compile: 2ms, render: 200ms)
 GET /boutique 200 in 183ms (compile: 3ms, render: 180ms)
 GET /boutique 200 in 132ms (compile: 2ms, render: 130ms)
 GET /boutique 200 in 61ms (compile: 8ms, render: 54ms)
 GET / 200 in 1028ms (compile: 272ms, render: 756ms)
 GET / 200 in 402ms (compile: 8ms, render: 394ms)
 GET / 200 in 397ms (compile: 36ms, render: 361ms)
 GET / 200 in 367ms (compile: 38ms, render: 329ms)
 GET / 200 in 307ms (compile: 3ms, render: 304ms)
 GET /boutique 200 in 726ms (compile: 7ms, render: 718ms)
 GET / 200 in 237ms (compile: 1624µs, render: 235ms)
 GET / 200 in 309ms (compile: 4ms, render: 305ms)
 GET / 200 in 276ms (compile: 4ms, render: 272ms)
 GET / 200 in 281ms (compile: 22ms, render: 258ms)
 GET / 200 in 382ms (compile: 49ms, render: 333ms)
 GET / 200 in 497ms (compile: 9ms, render: 488ms)
 GET / 200 in 400ms (compile: 8ms, render: 393ms)
 GET / 200 in 295ms (compile: 116ms, render: 179ms)
 GET / 200 in 113ms (compile: 11ms, render: 102ms)
 GET / 200 in 301ms (compile: 8ms, render: 293ms)
 GET / 200 in 343ms (compile: 12ms, render: 331ms)
 GET /api/placeholder/400/320 404 in 348ms (compile: 146ms, render: 202ms)
⨯ The requested resource isn't a valid image for /api/placeholder/400/320 received null
✓ Compiled in 192ms
⨯ ReferenceError: Link is not defined
    at <unknown> (src/app/boutique/page.js:51:34)
    at Array.map (<anonymous>)
    at BoutiquePage (src/app/boutique/page.js:35:43)
  49 |                                     ))}
  50 |                                 </ul>
> 51 |                                 <Link
     |                                  ^
  52 |                                     href={`/boutique/${product.id}`}
  53 |                                     className="bg-[#FF6B00] text-black font-black py-4 rounded-sm uppercase text-center tracking-widest hover:bg-white transition mt-auto block"
  54 |                                 > {
  digest: '462757518'
}
 GET /boutique 200 in 600ms (compile: 385ms, render: 215ms)
 GET / 200 in 601ms (compile: 499ms, render: 101ms)
⨯ ReferenceError: Link is not defined
    at <unknown> (src/app/boutique/page.js:51:34)
    at Array.map (<anonymous>)
    at BoutiquePage (src/app/boutique/page.js:35:43)
  49 |                                     ))}
  50 |                                 </ul>
> 51 |                                 <Link
     |                                  ^
  52 |                                     href={`/boutique/${product.id}`}
  53 |                                     className="bg-[#FF6B00] text-black font-black py-4 rounded-sm uppercase text-center tracking-widest hover:bg-white transition mt-auto block"
  54 |                                 > {
  digest: '1727724358'
}
 GET /boutique 500 in 754ms (compile: 27ms, render: 727ms)
⨯ ReferenceError: Link is not defined
    at <unknown> (src/app/boutique/page.js:51:34)
    at Array.map (<anonymous>)
    at BoutiquePage (src/app/boutique/page.js:35:43)
  49 |                                     ))}
  50 |                                 </ul>
> 51 |                                 <Link
     |                                  ^
  52 |                                     href={`/boutique/${product.id}`}
  53 |                                     className="bg-[#FF6B00] text-black font-black py-4 rounded-sm uppercase text-center tracking-widest hover:bg-white transition mt-auto block"
  54 |                                 > {
  digest: '1727724358'
}
 GET /boutique 500 in 353ms (compile: 13ms, render: 340ms)
 GET / 200 in 543ms (compile: 27ms, render: 516ms)
 GET /api/placeholder/400/320 404 in 143ms (compile: 6ms, render: 137ms)
⨯ The requested resource isn't a valid image for /api/placeholder/400/320 received null
⨯ ReferenceError: Link is not defined
    at <unknown> (src/app/boutique/page.js:51:34)
    at Array.map (<anonymous>)
    at BoutiquePage (src/app/boutique/page.js:35:43)
  49 |                                     ))}
  50 |                                 </ul>
> 51 |                                 <Link
     |                                  ^
  52 |                                     href={`/boutique/${product.id}`}
  53 |                                     className="bg-[#FF6B00] text-black font-black py-4 rounded-sm uppercase text-center tracking-widest hover:bg-white transition mt-auto block"
  54 |                                 > {
  digest: '1727724358'
}
 GET /boutique 200 in 455ms (compile: 53ms, render: 402ms)
 GET /outils 200 in 1157ms (compile: 306ms, render: 851ms)
⨯ ReferenceError: Link is not defined
    at <unknown> (src/app/boutique/page.js:51:34)
    at Array.map (<anonymous>)
    at BoutiquePage (src/app/boutique/page.js:35:43)
  49 |                                     ))}
  50 |                                 </ul>
> 51 |                                 <Link
     |                                  ^
  52 |                                     href={`/boutique/${product.id}`}
  53 |                                     className="bg-[#FF6B00] text-black font-black py-4 rounded-sm uppercase text-center tracking-widest hover:bg-white transition mt-auto block"
  54 |                                 > {
  digest: '1727724358'
}
 GET /boutique 200 in 167ms (compile: 7ms, render: 160ms)
 GET / 200 in 74ms (compile: 7ms, render: 67ms)
 GET /boutique 200 in 1110ms (compile: 211ms, render: 899ms)
 GET /boutique 200 in 410ms (compile: 6ms, render: 404ms)
 GET /boutique/2 200 in 3.0s (compile: 2.7s, render: 304ms)
 GET /boutique 200 in 313ms (compile: 27ms, render: 286ms)
 GET /boutique/2 200 in 195ms (compile: 6ms, render: 190ms)
 GET /admin 200 in 327ms (compile: 158ms, render: 170ms)
✓ Compiled in 135ms
✓ Compiled in 63ms
 GET /admin 200 in 308ms (compile: 150ms, render: 158ms)
 GET /boutique 200 in 323ms (compile: 10ms, render: 313ms)
 GET / 200 in 169ms (compile: 19ms, render: 150ms)
 GET /boutique 200 in 282ms (compile: 53ms, render: 229ms)
 GET /boutique/2 200 in 385ms (compile: 159ms, render: 226ms)
 GET / 200 in 364ms (compile: 24ms, render: 339ms)
 GET /api/placeholder/400/320 404 in 145ms (compile: 12ms, render: 133ms)
⨯ The requested resource isn't a valid image for /api/placeholder/400/320 received null
 GET /outils 200 in 1036ms (compile: 87ms, render: 949ms)
 GET /outils 200 in 602ms (compile: 90ms, render: 512ms)
 GET /boutique 200 in 525ms (compile: 109ms, render: 416ms)
 GET /boutique/2 200 in 315ms (compile: 43ms, render: 272ms)
 GET / 200 in 422ms (compile: 46ms, render: 376ms)
 GET /api/placeholder/400/320 404 in 152ms (compile: 39ms, render: 113ms)
⨯ The requested resource isn't a valid image for /api/placeholder/400/320 received null
✓ Compiled in 3.7s
✓ Compiled in 0ms
 GET /boutique 200 in 3.1s (compile: 1675ms, render: 1445ms)
 GET /boutique 200 in 808ms (compile: 74ms, render: 734ms)
 GET /boutique 200 in 297ms (compile: 4ms, render: 294ms)
 GET /boutique 200 in 295ms (compile: 83ms, render: 211ms)
 GET / 200 in 3.5s (compile: 2.3s, render: 1255ms)
 GET /boutique 200 in 180ms (compile: 8ms, render: 173ms)
 GET / 200 in 1091ms (compile: 540ms, render: 551ms)
 GET /boutique 200 in 277ms (compile: 81ms, render: 196ms)
 GET / 200 in 595ms (compile: 10ms, render: 585ms)
 GET /boutique 200 in 320ms (compile: 48ms, render: 272ms)
 GET / 200 in 624ms (compile: 7ms, render: 617ms)
 GET /boutique 200 in 355ms (compile: 91ms, render: 264ms)
 GET / 200 in 661ms (compile: 5ms, render: 656ms)
 GET /boutique 200 in 262ms (compile: 13ms, render: 249ms)
 GET / 200 in 653ms (compile: 4ms, render: 648ms)
 GET / 200 in 504ms (compile: 14ms, render: 491ms)
 GET / 200 in 353ms (compile: 8ms, render: 345ms)
 GET / 200 in 147ms (compile: 5ms, render: 142ms)
 GET /outils 200 in 197ms (compile: 116ms, render: 81ms)
 GET /outils 200 in 51ms (compile: 18ms, render: 33ms)
 GET /outils 200 in 59ms (compile: 2ms, render: 57ms)
 GET /outils 200 in 40ms (compile: 1905µs, render: 38ms)
 GET /outils 200 in 23ms (compile: 2ms, render: 21ms)
 GET /outils 200 in 82ms (compile: 2ms, render: 79ms)
 GET /outils 200 in 79ms (compile: 6ms, render: 73ms)
 GET /outils 200 in 50ms (compile: 4ms, render: 46ms)
 GET /outils 200 in 26ms (compile: 2ms, render: 24ms)
✓ Compiled in 301ms
✓ Compiled in 165ms
⨯ ReferenceError: CookieBanner is not defined
    at RootLayout (src/app/layout.js:72:10)
  70 |         </main>
  71 |         <Footer />
> 72 |         <CookieBanner />
     |          ^
  73 |       </body>
  74 |     </html>
  75 |   ); {
  digest: '3839683728'
}
⨯ ReferenceError: CookieBanner is not defined
    at RootLayout (src/app/layout.js:72:10)
  70 |         </main>
  71 |         <Footer />
> 72 |         <CookieBanner />
     |          ^
  73 |       </body>
  74 |     </html>
  75 |   ); {
  digest: '3839683728'
}
⨯ ReferenceError: CookieBanner is not defined
    at RootLayout (src/app/layout.js:72:10)
  70 |         </main>
  71 |         <Footer />
> 72 |         <CookieBanner />
     |          ^
  73 |       </body>
  74 |     </html>
  75 |   ); {
  digest: '3839683728'
}
⨯ ReferenceError: CookieBanner is not defined
    at RootLayout (src/app/layout.js:72:10)
  70 |         </main>
  71 |         <Footer />
> 72 |         <CookieBanner />
     |          ^
  73 |       </body>
  74 |     </html>
  75 |   ); {
  digest: '3839683728'
}
⨯ ReferenceError: CookieBanner is not defined
    at RootLayout (src/app/layout.js:72:10)
  70 |         </main>
  71 |         <Footer />
> 72 |         <CookieBanner />
     |          ^
  73 |       </body>
  74 |     </html>
  75 |   ); {
  digest: '3839683728'
}
⨯ ReferenceError: CookieBanner is not defined
    at RootLayout (src/app/layout.js:72:10)
  70 |         </main>
  71 |         <Footer />
> 72 |         <CookieBanner />
     |          ^
  73 |       </body>
  74 |     </html>
  75 |   ); {
  digest: '3839683728'
}
 GET /boutique 200 in 685ms (compile: 145ms, render: 540ms)
⨯ ReferenceError: CookieBanner is not defined
    at RootLayout (src/app/layout.js:72:10)
  70 |         </main>
  71 |         <Footer />
> 72 |         <CookieBanner />
     |          ^
  73 |       </body>
  74 |     </html>
  75 |   ); {
  digest: '3839683728'
}
 GET /boutique 200 in 357ms (compile: 7ms, render: 350ms)
⨯ ReferenceError: CookieBanner is not defined
    at RootLayout (src/app/layout.js:72:10)
  70 |         </main>
  71 |         <Footer />
> 72 |         <CookieBanner />
     |          ^
  73 |       </body>
  74 |     </html>
  75 |   ); {
  digest: '3839683728'
}
 GET /boutique 200 in 260ms (compile: 3ms, render: 257ms)
⨯ ReferenceError: CookieBanner is not defined
    at RootLayout (src/app/layout.js:72:10)
  70 |         </main>
  71 |         <Footer />
> 72 |         <CookieBanner />
     |          ^
  73 |       </body>
  74 |     </html>
  75 |   ); {
  digest: '3839683728'
}
 GET /boutique 200 in 172ms (compile: 8ms, render: 164ms)
⨯ ReferenceError: CookieBanner is not defined
    at RootLayout (src/app/layout.js:72:10)
  70 |         </main>
  71 |         <Footer />
> 72 |         <CookieBanner />
     |          ^
  73 |       </body>
  74 |     </html>
  75 |   ); {
  digest: '3839683728'
}
 GET / 200 in 901ms (compile: 394ms, render: 507ms)
 GET /boutique 200 in 65ms (compile: 3ms, render: 62ms)
 GET / 200 in 457ms (compile: 27ms, render: 430ms)
⨯ ReferenceError: CookieBanner is not defined
    at RootLayout (src/app/layout.js:72:10)
  70 |         </main>
  71 |         <Footer />
> 72 |         <CookieBanner />
     |          ^
  73 |       </body>
  74 |     </html>
  75 |   ); {
  digest: '3839683728'
}
⨯ ReferenceError: CookieBanner is not defined
    at RootLayout (src/app/layout.js:72:10)
  70 |         </main>
  71 |         <Footer />
> 72 |         <CookieBanner />
     |          ^
  73 |       </body>
  74 |     </html>
  75 |   ); {
  digest: '3839683728'
}
 GET / 200 in 384ms (compile: 52ms, render: 332ms)
⨯ ReferenceError: CookieBanner is not defined
    at RootLayout (src/app/layout.js:72:10)
  70 |         </main>
  71 |         <Footer />
> 72 |         <CookieBanner />
     |          ^
  73 |       </body>
  74 |     </html>
  75 |   ); {
  digest: '3839683728'
}
⨯ ReferenceError: CookieBanner is not defined
    at RootLayout (src/app/layout.js:72:10)
  70 |         </main>
  71 |         <Footer />
> 72 |         <CookieBanner />
     |          ^
  73 |       </body>
  74 |     </html>
  75 |   ); {
  digest: '3839683728'
}
 GET /boutique 200 in 108ms (compile: 4ms, render: 104ms)
 GET / 200 in 209ms (compile: 2ms, render: 207ms)
⨯ ReferenceError: CookieBanner is not defined
    at RootLayout (src/app/layout.js:72:10)
  70 |         </main>
  71 |         <Footer />
> 72 |         <CookieBanner />
     |          ^
  73 |       </body>
  74 |     </html>
  75 |   ); {
  digest: '3839683728'
}
 GET /boutique 200 in 79ms (compile: 3ms, render: 77ms)
⨯ ReferenceError: CookieBanner is not defined
    at RootLayout (src/app/layout.js:72:10)
  70 |         </main>
  71 |         <Footer />
> 72 |         <CookieBanner />
     |          ^
  73 |       </body>
  74 |     </html>
  75 |   ); {
  digest: '3839683728'
}
⨯ ReferenceError: CookieBanner is not defined
    at RootLayout (src/app/layout.js:72:10)
  70 |         </main>
  71 |         <Footer />
> 72 |         <CookieBanner />
     |          ^
  73 |       </body>
  74 |     </html>
  75 |   ); {
  digest: '3839683728'
}
 GET /boutique 200 in 92ms (compile: 4ms, render: 88ms)
 GET / 200 in 235ms (compile: 3ms, render: 232ms)
⨯ ReferenceError: CookieBanner is not defined
    at RootLayout (src/app/layout.js:72:10)
  70 |         </main>
  71 |         <Footer />
> 72 |         <CookieBanner />
     |          ^
  73 |       </body>
  74 |     </html>
  75 |   ); {
  digest: '3839683728'
}
 GET /boutique 200 in 83ms (compile: 4ms, render: 80ms)
 GET / 200 in 246ms (compile: 23ms, render: 223ms)
 GET / 200 in 173ms (compile: 5ms, render: 169ms)
 GET / 200 in 127ms (compile: 1395µs, render: 125ms)
 GET / 200 in 60ms (compile: 3ms, render: 57ms)
⨯ ReferenceError: CookieBanner is not defined
    at RootLayout (src/app/layout.js:72:10)
  70 |         </main>
  71 |         <Footer />
> 72 |         <CookieBanner />
     |          ^
  73 |       </body>
  74 |     </html>
  75 |   ); {
  digest: '3839683728'
}
 GET /outils 200 in 150ms (compile: 104ms, render: 46ms)
⨯ ReferenceError: CookieBanner is not defined
    at RootLayout (src/app/layout.js:72:10)
  70 |         </main>
  71 |         <Footer />
> 72 |         <CookieBanner />
     |          ^
  73 |       </body>
  74 |     </html>
  75 |   ); {
  digest: '3839683728'
}
 GET /outils 200 in 20ms (compile: 2ms, render: 17ms)
⨯ ReferenceError: CookieBanner is not defined
    at RootLayout (src/app/layout.js:72:10)
  70 |         </main>
  71 |         <Footer />
> 72 |         <CookieBanner />
     |          ^
  73 |       </body>
  74 |     </html>
  75 |   ); {
  digest: '3839683728'
}
⨯ ReferenceError: CookieBanner is not defined
    at RootLayout (src/app/layout.js:72:10)
  70 |         </main>
  71 |         <Footer />
> 72 |         <CookieBanner />
     |          ^
  73 |       </body>
  74 |     </html>
  75 |   ); {
  digest: '3839683728'
}
⨯ ReferenceError: CookieBanner is not defined
    at RootLayout (src/app/layout.js:72:10)
  70 |         </main>
  71 |         <Footer />
> 72 |         <CookieBanner />
     |          ^
  73 |       </body>
  74 |     </html>
  75 |   ); {
  digest: '3839683728'
}
⨯ ReferenceError: CookieBanner is not defined
    at RootLayout (src/app/layout.js:72:10)
  70 |         </main>
  71 |         <Footer />
> 72 |         <CookieBanner />
     |          ^
  73 |       </body>
  74 |     </html>
  75 |   ); {
  digest: '3839683728'
}
⨯ ReferenceError: CookieBanner is not defined
    at RootLayout (src/app/layout.js:72:10)
  70 |         </main>
  71 |         <Footer />
> 72 |         <CookieBanner />
     |          ^
  73 |       </body>
  74 |     </html>
  75 |   ); {
  digest: '3839683728'
}
 GET /outils 200 in 91ms (compile: 3ms, render: 88ms)
 GET /outils 200 in 72ms (compile: 4ms, render: 68ms)
 GET /outils 200 in 52ms (compile: 19ms, render: 33ms)
 GET /outils 200 in 72ms (compile: 21ms, render: 52ms)
 GET /outils 200 in 40ms (compile: 16ms, render: 23ms)
⨯ ReferenceError: CookieBanner is not defined
    at RootLayout (src/app/layout.js:72:10)
  70 |         </main>
  71 |         <Footer />
> 72 |         <CookieBanner />
     |          ^
  73 |       </body>
  74 |     </html>
  75 |   ); {
  digest: '3839683728'
}
⨯ ReferenceError: CookieBanner is not defined
    at RootLayout (src/app/layout.js:72:10)
  70 |         </main>
  71 |         <Footer />
> 72 |         <CookieBanner />
     |          ^
  73 |       </body>
  74 |     </html>
  75 |   ); {
  digest: '3839683728'
}
 GET /outils 200 in 86ms (compile: 4ms, render: 82ms)
 GET /outils 200 in 70ms (compile: 1678µs, render: 68ms)
⚠ Fast Refresh had to perform a full reload due to a runtime error.
⚠ Fast Refresh had to perform a full reload due to a runtime error.
⚠ Fast Refresh had to perform a full reload due to a runtime error.
⚠ Fast Refresh had to perform a full reload due to a runtime error.
⚠ Fast Refresh had to perform a full reload due to a runtime error.
⚠ Fast Refresh had to perform a full reload due to a runtime error.
⚠ Fast Refresh had to perform a full reload due to a runtime error.
⚠ Fast Refresh had to perform a full reload due to a runtime error.
⚠ Fast Refresh had to perform a full reload due to a runtime error.
⚠ Fast Refresh had to perform a full reload due to a runtime error.
⚠ Fast Refresh had to perform a full reload due to a runtime error.
⚠ Fast Refresh had to perform a full reload due to a runtime error.
⚠ Fast Refresh had to perform a full reload due to a runtime error.
⚠ Fast Refresh had to perform a full reload due to a runtime error.
⚠ Fast Refresh had to perform a full reload due to a runtime error.
✓ Compiled in 0ms
⚠ Fast Refresh had to perform a full reload due to a runtime error.
 GET /boutique 200 in 2.8s (compile: 228ms, render: 2.6s)
 GET / 200 in 1710ms (compile: 186ms, render: 1523ms)
 GET /api/placeholder/400/320 404 in 969ms (compile: 680ms, render: 289ms)
⨯ The requested resource isn't a valid image for /api/placeholder/400/320 received null
 GET /outils 200 in 698ms (compile: 249ms, render: 449ms)
⚠ Fast Refresh had to perform a full reload due to a runtime error.
⚠ Fast Refresh had to perform a full reload due to a runtime error.
⚠ Fast Refresh had to perform a full reload due to a runtime error.
⚠ Fast Refresh had to perform a full reload due to a runtime error.
⚠ Fast Refresh had to perform a full reload due to a runtime error.
⚠ Fast Refresh had to perform a full reload due to a runtime error.
⚠ Fast Refresh had to perform a full reload due to a runtime error.
 GET /page-inconnue 404 in 418ms (compile: 59ms, render: 359ms)
 GET / 200 in 1962ms (compile: 58ms, render: 1904ms)
 GET /api/placeholder/400/320 404 in 256ms (compile: 35ms, render: 221ms)
⨯ The requested resource isn't a valid image for /api/placeholder/400/320 received null
 GET / 200 in 516ms (compile: 81ms, render: 435ms)
 GET /api/placeholder/400/320 404 in 168ms (compile: 12ms, render: 156ms)
⨯ The requested resource isn't a valid image for /api/placeholder/400/320 received null
✓ Compiled in 859ms
✓ Compiled in 296ms
✓ Compiled in 625ms
 GET /boutique 200 in 368ms (compile: 129ms, render: 239ms)
 GET / 200 in 938ms (compile: 118ms, render: 820ms)
 GET / 200 in 422ms (compile: 6ms, render: 417ms)
 GET /outils 200 in 180ms (compile: 51ms, render: 130ms)
 GET /admin 200 in 2.9s (compile: 1326ms, render: 1560ms)
 GET /admin 200 in 1369ms (compile: 67ms, render: 1302ms)
 GET /boutique 200 in 290ms (compile: 46ms, render: 244ms)
 GET /boutique/2 200 in 786ms (compile: 605ms, render: 181ms)
✓ Compiled in 723ms
⚠ Fast Refresh had to perform a full reload when ./node_modules/next/dist/client/image-component.js changed. Read more: https://nextjs.org/docs/messages/fast-refresh-reload
⚠ Fast Refresh had to perform a full reload when ./node_modules/next/dist/client/image-component.js changed. Read more: https://nextjs.org/docs/messages/fast-refresh-reload
✓ Compiled in 9ms
 GET /boutique 200 in 5.8s (compile: 4.5s, render: 1337ms)
 GET /boutique/2 200 in 5.7s (compile: 1943ms, render: 3.8s)
 GET /boutique 200 in 1153ms (compile: 9ms, render: 1144ms)
 GET /boutique/2 200 in 1150ms (compile: 116ms, render: 1034ms)
 GET / 200 in 6.9s (compile: 2.9s, render: 4.0s)
 GET /boutique 200 in 428ms (compile: 65ms, render: 362ms)
 GET / 200 in 1567ms (compile: 82ms, render: 1485ms)
 GET /boutique/2 200 in 414ms (compile: 11ms, render: 403ms)
 GET /boutique 200 in 282ms (compile: 15ms, render: 267ms)
 GET / 200 in 765ms (compile: 4ms, render: 762ms)
 GET /boutique/2 200 in 354ms (compile: 5ms, render: 349ms)
 GET /boutique 200 in 305ms (compile: 9ms, render: 296ms)
 GET / 200 in 664ms (compile: 14ms, render: 650ms)
 GET / 200 in 436ms (compile: 4ms, render: 432ms)
 GET /boutique 200 in 590ms (compile: 163ms, render: 427ms)
 GET /boutique/2 200 in 595ms (compile: 25ms, render: 571ms)
 GET /boutique/2 200 in 609ms (compile: 17ms, render: 592ms)
 GET /boutique 200 in 514ms (compile: 12ms, render: 502ms)
 GET /boutique/2 200 in 463ms (compile: 14ms, render: 449ms)
 GET /boutique 200 in 512ms (compile: 13ms, render: 499ms)
 GET / 200 in 2.8s (compile: 13ms, render: 2.8s)
 GET /boutique/2 200 in 608ms (compile: 11ms, render: 598ms)
 GET /boutique 200 in 425ms (compile: 8ms, render: 416ms)
 GET /boutique/2 200 in 566ms (compile: 10ms, render: 556ms)
 GET /boutique 200 in 513ms (compile: 6ms, render: 506ms)
 GET /boutique 200 in 636ms (compile: 6ms, render: 630ms)
 GET /boutique/2 200 in 643ms (compile: 66ms, render: 577ms)
 GET /boutique 200 in 536ms (compile: 31ms, render: 505ms)
 GET /boutique/2 200 in 520ms (compile: 12ms, render: 509ms)
 GET /boutique 200 in 490ms (compile: 32ms, render: 458ms)
 GET /boutique/2 200 in 458ms (compile: 4ms, render: 454ms)
 GET /boutique 200 in 392ms (compile: 6ms, render: 386ms)
 GET /boutique/2 200 in 389ms (compile: 10ms, render: 379ms)
 GET /boutique 200 in 336ms (compile: 5ms, render: 330ms)
 GET /boutique/2 200 in 429ms (compile: 8ms, render: 422ms)
 GET /boutique 200 in 367ms (compile: 6ms, render: 361ms)
 GET /boutique/2 200 in 415ms (compile: 5ms, render: 410ms)
 GET /boutique 200 in 382ms (compile: 10ms, render: 373ms)
 GET /boutique 200 in 376ms (compile: 11ms, render: 365ms)
 GET /boutique/2 200 in 367ms (compile: 5ms, render: 361ms)
 GET /boutique 200 in 288ms (compile: 4ms, render: 284ms)
 GET /boutique/2 200 in 332ms (compile: 11ms, render: 321ms)
 GET /boutique 200 in 276ms (compile: 5ms, render: 271ms)
 GET /boutique/2 200 in 360ms (compile: 4ms, render: 356ms)
 GET /boutique 200 in 305ms (compile: 3ms, render: 302ms)
 GET /boutique 200 in 333ms (compile: 44ms, render: 290ms)
 GET /boutique/2 200 in 342ms (compile: 8ms, render: 333ms)
 GET /boutique/2 200 in 338ms (compile: 12ms, render: 326ms)
 GET /boutique 200 in 264ms (compile: 11ms, render: 252ms)
 GET /boutique 200 in 286ms (compile: 3ms, render: 283ms)
 GET /boutique/2 200 in 289ms (compile: 34ms, render: 255ms)
 GET /boutique 200 in 301ms (compile: 8ms, render: 293ms)
 GET /boutique/2 200 in 319ms (compile: 9ms, render: 310ms)
 GET /boutique 200 in 273ms (compile: 4ms, render: 268ms)
 GET /boutique/2 200 in 351ms (compile: 8ms, render: 343ms)
 GET /boutique 200 in 303ms (compile: 6ms, render: 297ms)
 GET /boutique/2 200 in 448ms (compile: 6ms, render: 442ms)
 GET /boutique 200 in 408ms (compile: 7ms, render: 401ms)
 GET /boutique/2 200 in 461ms (compile: 8ms, render: 452ms)
 GET /boutique 200 in 408ms (compile: 3ms, render: 405ms)
 GET /boutique 200 in 443ms (compile: 130ms, render: 313ms)
 GET /boutique/2 200 in 449ms (compile: 21ms, render: 427ms)
 GET /boutique 200 in 355ms (compile: 4ms, render: 351ms)
 GET /boutique/2 200 in 358ms (compile: 22ms, render: 335ms)
 GET /boutique 200 in 324ms (compile: 6ms, render: 318ms)
 GET /boutique/2 200 in 365ms (compile: 6ms, render: 359ms)
 GET /boutique 200 in 383ms (compile: 3ms, render: 379ms)
 GET /boutique/2 200 in 302ms (compile: 7ms, render: 295ms)
 GET /boutique 200 in 315ms (compile: 4ms, render: 311ms)
 GET /boutique/2 200 in 339ms (compile: 5ms, render: 334ms)
 GET /boutique 200 in 271ms (compile: 12ms, render: 258ms)
 GET /boutique/2 200 in 283ms (compile: 6ms, render: 278ms)
 GET /boutique/2 200 in 310ms (compile: 9ms, render: 302ms)
 GET /boutique/2 200 in 254ms (compile: 11ms, render: 243ms)
 GET /boutique/2 200 in 198ms (compile: 12ms, render: 186ms)
 GET /boutique/2 200 in 153ms (compile: 11ms, render: 143ms)
 GET /api/placeholder/400/320 404 in 1403ms (compile: 707ms, render: 697ms)
⨯ The requested resource isn't a valid image for /api/placeholder/400/320 received null
✓ Compiled in 587ms
⚠ Fast Refresh had to perform a full reload when ./node_modules/next/dist/client/image-component.js changed. Read more: https://nextjs.org/docs/messages/fast-refresh-reload
 GET /boutique/2 404 in 1771ms (compile: 1228ms, render: 543ms)
 GET /boutique 200 in 1881ms (compile: 855ms, render: 1026ms)
 GET /boutique 200 in 512ms (compile: 295ms, render: 217ms)
 GET / 200 in 2.9s (compile: 1107ms, render: 1837ms)
 GET /boutique 200 in 1054ms (compile: 7ms, render: 1047ms)
 GET / 200 in 1603ms (compile: 63ms, render: 1540ms)
 GET /boutique/2 200 in 1384ms (compile: 370ms, render: 1014ms)
 GET / 200 in 838ms (compile: 37ms, render: 800ms)
 GET / 200 in 232ms (compile: 62ms, render: 170ms)
 GET /boutique/2 200 in 211ms (compile: 81ms, render: 130ms)
 GET /boutique 200 in 972ms (compile: 23ms, render: 949ms)
 GET /boutique 200 in 375ms (compile: 11ms, render: 364ms)
 GET /boutique/2 200 in 2.5s (compile: 612ms, render: 1877ms)
 GET /boutique 200 in 387ms (compile: 63ms, render: 324ms)
 GET /boutique 200 in 322ms (compile: 6ms, render: 316ms)
 GET /boutique 200 in 306ms (compile: 4ms, render: 302ms)
 GET /boutique 200 in 300ms (compile: 5ms, render: 295ms)
 GET / 200 in 3.3s (compile: 19ms, render: 3.2s)
 GET /boutique 200 in 309ms (compile: 8ms, render: 301ms)
 GET /boutique 200 in 305ms (compile: 6ms, render: 299ms)
 GET /boutique 200 in 272ms (compile: 6ms, render: 267ms)
 GET /boutique 200 in 234ms (compile: 7ms, render: 227ms)
 GET /boutique 200 in 240ms (compile: 7ms, render: 233ms)
 GET /boutique 200 in 220ms (compile: 4ms, render: 216ms)
 GET /boutique 200 in 219ms (compile: 4ms, render: 214ms)
 GET /boutique 200 in 231ms (compile: 6ms, render: 225ms)
 GET /boutique 200 in 223ms (compile: 7ms, render: 216ms)
 GET /boutique 200 in 217ms (compile: 7ms, render: 209ms)
 GET /boutique 200 in 217ms (compile: 6ms, render: 212ms)
 GET /boutique 200 in 235ms (compile: 7ms, render: 228ms)
 GET /boutique 200 in 245ms (compile: 4ms, render: 241ms)
 GET /boutique 200 in 251ms (compile: 5ms, render: 246ms)
 GET /boutique 200 in 251ms (compile: 3ms, render: 248ms)
 GET /boutique 200 in 218ms (compile: 4ms, render: 214ms)
 GET /boutique 200 in 172ms (compile: 5ms, render: 167ms)
 GET /boutique 200 in 170ms (compile: 5ms, render: 165ms)
 GET /boutique 200 in 163ms (compile: 7ms, render: 156ms)
 GET /boutique 200 in 203ms (compile: 10ms, render: 192ms)
 GET /boutique 200 in 197ms (compile: 5ms, render: 191ms)
 GET /boutique 200 in 213ms (compile: 4ms, render: 209ms)
 GET /boutique 200 in 227ms (compile: 3ms, render: 224ms)
 GET /boutique 200 in 226ms (compile: 5ms, render: 221ms)
 GET /boutique 200 in 443ms (compile: 6ms, render: 437ms)
 GET /boutique 200 in 393ms (compile: 4ms, render: 388ms)
 GET /boutique 200 in 339ms (compile: 3ms, render: 335ms)
 GET /boutique 200 in 289ms (compile: 9ms, render: 279ms)
 GET /api/placeholder/400/320 404 in 313ms (compile: 26ms, render: 287ms)
⨯ The requested resource isn't a valid image for /api/placeholder/400/320 received null
✓ Compiled in 419ms
✓ Compiled in 3.8s
 GET /boutique/2 200 in 1442ms (compile: 1231ms, render: 211ms)
 GET /boutique 200 in 2.5s (compile: 804ms, render: 1650ms)
 GET / 200 in 2.6s (compile: 170ms, render: 2.4s)
  Reload env: .env.local
✓ Compiled in 5.6s
⚠ Fast Refresh had to perform a full reload when ./node_modules/next/dist/client/image-component.js changed. Read more: https://nextjs.org/docs/messages/fast-refresh-reload
 GET /boutique/2 200 in 12.0s (compile: 6.0s, render: 6.0s)
 GET /boutique 200 in 12.3s (compile: 8.4s, render: 4.0s)
 GET /boutique/2 200 in 218ms (compile: 21ms, render: 197ms)
 GET /boutique 200 in 278ms (compile: 17ms, render: 262ms)
 GET /boutique/2 200 in 89ms (compile: 3ms, render: 86ms)
 GET / 200 in 12.5s (compile: 7.6s, render: 4.9s)
 GET / 200 in 834ms (compile: 40ms, render: 794ms)
 GET /boutique 200 in 315ms (compile: 11ms, render: 304ms)
 GET / 200 in 535ms (compile: 33ms, render: 502ms)
 GET / 200 in 3.2s (compile: 70ms, render: 3.2s)
 GET /api/placeholder/400/320 404 in 881ms (compile: 403ms, render: 478ms)
⨯ The requested resource isn't a valid image for /api/placeholder/400/320 received null
  Reload env: .env.local
✓ Compiled in 2s
⚠ Fast Refresh had to perform a full reload when ./node_modules/next/dist/client/image-component.js changed. Read more: https://nextjs.org/docs/messages/fast-refresh-reload
 GET /boutique/2 200 in 2.5s (compile: 192ms, render: 2.3s)
 GET /boutique 200 in 2.7s (compile: 112ms, render: 2.6s)
 GET /boutique 200 in 1287ms (compile: 992ms, render: 295ms)
 GET /boutique/2 200 in 95ms (compile: 13ms, render: 82ms)
 GET / 200 in 4.6s (compile: 1578ms, render: 3.0s)
 GET / 200 in 1430ms (compile: 344ms, render: 1087ms)
 GET /boutique 200 in 89ms (compile: 3ms, render: 85ms)
 GET /boutique/2 200 in 52ms (compile: 7ms, render: 44ms)
 GET / 200 in 161ms (compile: 24ms, render: 137ms)
 GET / 200 in 2.9s (compile: 4ms, render: 2.9s)
 GET /api/placeholder/400/320 404 in 613ms (compile: 276ms, render: 337ms)
⨯ The requested resource isn't a valid image for /api/placeholder/400/320 received null
  Reload env: .env.local
✓ Compiled in 1553ms
⚠ Fast Refresh had to perform a full reload when ./node_modules/next/dist/client/image-component.js changed. Read more: https://nextjs.org/docs/messages/fast-refresh-reload
 GET /boutique/2 200 in 2.7s (compile: 302ms, render: 2.4s)
 GET /boutique 200 in 7.2s (compile: 4.3s, render: 2.9s)
 GET /boutique 200 in 2.6s (compile: 2.0s, render: 604ms)
 GET /boutique/2 200 in 407ms (compile: 26ms, render: 381ms)
 GET / 200 in 8.4s (compile: 2.9s, render: 5.5s)
 GET /boutique 200 in 752ms (compile: 9ms, render: 744ms)
 GET / 200 in 3.2s (compile: 2.1s, render: 1058ms)
 GET / 200 in 580ms (compile: 18ms, render: 562ms)
 GET /boutique/2 200 in 481ms (compile: 9ms, render: 472ms)
 GET / 200 in 3.3s (compile: 31ms, render: 3.2s)
 GET /api/placeholder/400/320 404 in 2.5s (compile: 1618ms, render: 868ms)
⨯ The requested resource isn't a valid image for /api/placeholder/400/320 received null
✓ Finished filesystem cache database compaction in 11.3s
  Reload env: .env.local
✓ Compiled in 1367ms
⚠ Fast Refresh had to perform a full reload when ./node_modules/next/dist/client/image-component.js changed. Read more: https://nextjs.org/docs/messages/fast-refresh-reload
 GET /boutique/2 200 in 6.0s (compile: 1981ms, render: 4.1s)
 GET /boutique 200 in 6.5s (compile: 2.9s, render: 3.6s)
 GET / 200 in 6.9s (compile: 3.6s, render: 3.3s)
 GET / 200 in 750ms (compile: 16ms, render: 734ms)
 GET /boutique/2 200 in 964ms (compile: 45ms, render: 918ms)
 GET /boutique 200 in 1155ms (compile: 42ms, render: 1113ms)
 GET /boutique 200 in 582ms (compile: 17ms, render: 565ms)
 GET /boutique/2 200 in 358ms (compile: 15ms, render: 343ms)
 GET / 200 in 2.8s (compile: 21ms, render: 2.8s)
 GET /api/placeholder/400/320 404 in 1473ms (compile: 712ms, render: 762ms)
⨯ The requested resource isn't a valid image for /api/placeholder/400/320 received null
 GET /boutique/2 200 in 2.3s (compile: 575ms, render: 1718ms)
 GET / 200 in 507ms (compile: 60ms, render: 447ms)
 GET /api/placeholder/400/320 404 in 4.4s (compile: 242ms, render: 4.2s)
⨯ The requested resource isn't a valid image for /api/placeholder/400/320 received null
 GET /admin 200 in 3.3s (compile: 2.7s, render: 629ms)
 GET /boutique 200 in 592ms (compile: 137ms, render: 455ms)
 GET /boutique/3 200 in 242ms (compile: 45ms, render: 197ms)
○ Compiling /api/checkout ...
 POST /api/checkout 200 in 7.8s (compile: 6.3s, render: 1512ms)
 GET /success?session_id=cs_test_a1SCGUJalSgvQUJOquDNfwMR8DlP5mqNtW6dZxh5pgGfpXRalFh8EN8FRk 404 in 1889ms (compile: 262ms, render: 1627ms)
✓ Compiled in 6.4s
○ Compiling /success ...
⚠ Fast Refresh had to perform a full reload when ./node_modules/next/dist/client/image-component.js changed. Read more: https://nextjs.org/docs/messages/fast-refresh-reload
 GET /success?session_id=cs_test_a1SCGUJalSgvQUJOquDNfwMR8DlP5mqNtW6dZxh5pgGfpXRalFh8EN8FRk 200 in 11.5s (compile: 7.9s, render: 3.6s)
 GET /boutique 200 in 12.0s (compile: 6.8s, render: 5.2s)
 GET /boutique 200 in 4.2s (compile: 256ms, render: 4.0s)
 GET / 200 in 13.9s (compile: 5.9s, render: 8.0s)
 GET / 200 in 1536ms (compile: 35ms, render: 1501ms)
 GET / 200 in 5.7s (compile: 34ms, render: 5.6s)
 GET /success?session_id=cs_test_a1SCGUJalSgvQUJOquDNfwMR8DlP5mqNtW6dZxh5pgGfpXRalFh8EN8FRk 200 in 3.8s (compile: 81ms, render: 3.8s)
 GET /success?session_id=cs_test_a1SCGUJalSgvQUJOquDNfwMR8DlP5mqNtW6dZxh5pgGfpXRalFh8EN8FRk 200 in 2.1s (compile: 101ms, render: 1978ms)
 GET /success?session_id=cs_test_a1SCGUJalSgvQUJOquDNfwMR8DlP5mqNtW6dZxh5pgGfpXRalFh8EN8FRk 200 in 2.4s (compile: 87ms, render: 2.3s)
 GET /success?session_id=cs_test_a1SCGUJalSgvQUJOquDNfwMR8DlP5mqNtW6dZxh5pgGfpXRalFh8EN8FRk 200 in 179ms (compile: 49ms, render: 130ms)
 GET /boutique 200 in 5.1s (compile: 26ms, render: 5.0s)
 GET /boutique 200 in 2.8s (compile: 112ms, render: 2.7s)
 GET /success?session_id=cs_test_a1SCGUJalSgvQUJOquDNfwMR8DlP5mqNtW6dZxh5pgGfpXRalFh8EN8FRk 200 in 1799ms (compile: 65ms, render: 1734ms)
 GET /boutique 200 in 268ms (compile: 28ms, render: 240ms)
 GET / 200 in 9.4s (compile: 20ms, render: 9.4s)
 GET /boutique 200 in 416ms (compile: 72ms, render: 344ms)
 GET /boutique 200 in 191ms (compile: 7ms, render: 184ms)
 GET /boutique 200 in 265ms (compile: 15ms, render: 250ms)
 GET /boutique 200 in 243ms (compile: 11ms, render: 232ms)
 GET /boutique 200 in 226ms (compile: 4ms, render: 222ms)
 GET /boutique 200 in 257ms (compile: 6ms, render: 251ms)
 GET /boutique 200 in 259ms (compile: 8ms, render: 251ms)
 GET /boutique 200 in 259ms (compile: 9ms, render: 250ms)
 GET /boutique 200 in 251ms (compile: 12ms, render: 239ms)
 GET /boutique 200 in 423ms (compile: 5ms, render: 418ms)
 GET /boutique 200 in 467ms (compile: 5ms, render: 462ms)
 GET /boutique 200 in 521ms (compile: 5ms, render: 517ms)
 GET /boutique 200 in 555ms (compile: 4ms, render: 551ms)
 GET /boutique 200 in 369ms (compile: 17ms, render: 352ms)
 GET /boutique 200 in 340ms (compile: 11ms, render: 329ms)
 GET /boutique 200 in 287ms (compile: 12ms, render: 275ms)
 GET /boutique 200 in 266ms (compile: 13ms, render: 253ms)
 GET /boutique 200 in 282ms (compile: 4ms, render: 278ms)
 GET /boutique 200 in 296ms (compile: 4ms, render: 292ms)
 GET /boutique 200 in 524ms (compile: 7ms, render: 517ms)
 GET /boutique 200 in 602ms (compile: 4ms, render: 597ms)
 GET /boutique 200 in 605ms (compile: 9ms, render: 596ms)
 GET /boutique 200 in 670ms (compile: 5ms, render: 665ms)
 GET /boutique 200 in 573ms (compile: 26ms, render: 547ms)
 GET /boutique 200 in 483ms (compile: 19ms, render: 464ms)
 GET /boutique 200 in 470ms (compile: 12ms, render: 457ms)
 GET /boutique 200 in 321ms (compile: 16ms, render: 305ms)
 GET /boutique 200 in 286ms (compile: 4ms, render: 281ms)
 GET /boutique 200 in 286ms (compile: 3ms, render: 283ms)
 GET /boutique 200 in 402ms (compile: 12ms, render: 390ms)
 GET /boutique 200 in 330ms (compile: 18ms, render: 312ms)
 GET /boutique 200 in 270ms (compile: 7ms, render: 263ms)
 GET /boutique 200 in 170ms (compile: 3ms, render: 167ms)
 GET /api/placeholder/400/320 404 in 4.6s (compile: 2.5s, render: 2.1s)
⨯ The requested resource isn't a valid image for /api/placeholder/400/320 received null
✓ Finished filesystem cache database compaction in 15.8s
 GET /boutique 200 in 1846ms (compile: 566ms, render: 1280ms)
○ Compiling /api/webhook ...
Webhook signature verification failed. Unable to extract timestamp and signatures from header
 POST /api/webhook 400 in 5.7s (compile: 5.5s, render: 139ms)
 GET /boutique 200 in 3.1s (compile: 357ms, render: 2.7s)
 GET /admin 200 in 3.7s (compile: 3.0s, render: 767ms)
 GET /labo 200 in 2.7s (compile: 2.4s, render: 317ms)
 GET /admin 200 in 493ms (compile: 41ms, render: 453ms)
✓ Finished filesystem cache database compaction in 10.5s
 GET /labo 200 in 986ms (compile: 272ms, render: 714ms)
 GET /blog/7 200 in 1366ms (compile: 44ms, render: 1321ms)
 GET /blog/7 200 in 6.5s (compile: 4.5s, render: 2.0s)
 GET /admin 200 in 211ms (compile: 16ms, render: 195ms)
 GET /labo 200 in 311ms (compile: 26ms, render: 285ms)
 GET /blog/7 200 in 398ms (compile: 16ms, render: 382ms)
 GET /admin 200 in 183ms (compile: 14ms, render: 170ms)
 GET /labo 200 in 252ms (compile: 22ms, render: 231ms)
 GET /blog/7 200 in 191ms (compile: 16ms, render: 175ms)
✓ Compiled in 807ms
 GET /blog/7 200 in 3.7s (compile: 2.6s, render: 1083ms)
 GET /boutique 200 in 428ms (compile: 244ms, render: 184ms)
 GET / 200 in 432ms (compile: 30ms, render: 403ms)
 GET /admin 200 in 471ms (compile: 40ms, render: 431ms)
 GET /boutique 200 in 501ms (compile: 83ms, render: 417ms)
 GET /boutique/2 200 in 1520ms (compile: 1316ms, render: 204ms)
✓ Compiled in 757ms
✓ Compiled in 8ms
 POST /api/checkout 200 in 1127ms (compile: 267ms, render: 860ms)
 GET /boutique/2 200 in 4.6s (compile: 466ms, render: 4.1s)
 POST /api/checkout 200 in 1065ms (compile: 40ms, render: 1024ms)
 GET /boutique 200 in 1535ms (compile: 197ms, render: 1338ms)
 GET /boutique/2 200 in 569ms (compile: 124ms, render: 446ms)
 POST /api/checkout 200 in 1353ms (compile: 703ms, render: 650ms)
 GET /success?session_id=cs_test_a1EeVUw9uhMxyMDeHIZPv0IguYyMVOi6p8yaMAhVQuqqoinnoC06T71OjD 200 in 671ms (compile: 122ms, render: 549ms)
✓ Compiled in 469ms
 GET / 200 in 2.1s (compile: 412ms, render: 1704ms)
 GET /boutique 200 in 1423ms (compile: 299ms, render: 1123ms)
 GET /boutique/2 200 in 286ms (compile: 84ms, render: 202ms)
